
> next-demo-app@0.1.0 build
> next build

Γû▓ Next.js 16.1.4 (Turbopack)

  Creating an optimized production build ...
node.exe : 
At line:1 char:1
+ & "C:\Program Files
\nodejs/node.exe" 
"C:\Program 
Files\nodejs/node_mo 
...
+ ~~~~~~~~~~~~~~~~~~~
~~~~~~~~~~~~~~~~~~~~~
~~~~~~~~~~~~~~~~~~~~~
~~~~~~~~
    + CategoryInfo   
           : NotSpe  
  cified: (:String   
 ) [], RemoteExce    
ption
    + FullyQualified 
   ErrorId : Native  
  CommandError
 
> Build error 
occurred
Error: Turbopack 
build failed with 1 
errors:
./src/app/features/ne
xt/server-actions/pag
e.tsx:5:1
Module not found: 
Can't resolve 
'./actions'
[0m [90m 3 |[39m 
[36mimport[39m { 
useActionState } 
[36mfrom[39m [32m'
react'[39m[33m;[39
m
 [90m 4 |[39m 
[36mimport[39m 
[33mLink[39m 
[36mfrom[39m [32m'
next/link'[39m[33m;
[39m
[31m[1m>[22m[39m
[90m 5 |[39m 
[36mimport[39m { 
submitContactForm } 
[36mfrom[39m [32m'
./actions'[39m[33m;
[39m
 [90m   |[39m [31m
[1m^[22m[39m[31m
[1m^[22m[39m[31m[
1m^[22m[39m[31m[1
m^[22m[39m[31m[1m
^[22m[39m[31m[1m^
[22m[39m[31m[1m^
[22m[39m[31m[1m^[
22m[39m[31m[1m^[2
2m[39m[31m[1m^[22
m[39m[31m[1m^[22m
[39m[31m[1m^[22m
[39m[31m[1m^[22m[
39m[31m[1m^[22m[3
9m[31m[1m^[22m[39
m[31m[1m^[22m[39m
[31m[1m^[22m[39m
[31m[1m^[22m[39m[
31m[1m^[22m[39m[3
1m[1m^[22m[39m[31
m[1m^[22m[39m[31m
[1m^[22m[39m[31m
[1m^[22m[39m[31m[
1m^[22m[39m[31m[1
m^[22m[39m[31m[1m
^[22m[39m[31m[1m^
[22m[39m[31m[1m^
[22m[39m[31m[1m^[
22m[39m[31m[1m^[2
2m[39m[31m[1m^[22
m[39m[31m[1m^[22m
[39m[31m[1m^[22m
[39m[31m[1m^[22m[
39m[31m[1m^[22m[3
9m[31m[1m^[22m[39
m[31m[1m^[22m[39m
[31m[1m^[22m[39m
[31m[1m^[22m[39m[
31m[1m^[22m[39m[3
1m[1m^[22m[39m[31
m[1m^[22m[39m[31m
[1m^[22m[39m[31m
[1m^[22m[39m[31m[
1m^[22m[39m[31m[1
m^[22m[39m
 [90m 6 |[39m
 [90m 7 |[39m 
[36mconst[39m 
initialState 
[33m=[39m {
 [90m 8 |[39m     
message[33m:[39m [
32m''[39m[33m,[39m
[0m



Import traces:
  Client Component 
Browser:
    ./src/app/feature
s/next/server-actions
/page.tsx [Client 
Component Browser]
    ./src/app/feature
s/next/server-actions
/page.tsx [Server 
Component]

  Client Component 
SSR:
    ./src/app/feature
s/next/server-actions
/page.tsx [Client 
Component SSR]
    ./src/app/feature
s/next/server-actions
/page.tsx [Server 
Component]

https://nextjs.org/do
cs/messages/module-no
t-found


    at <unknown> (./s
rc/app/features/next/
server-actions/page.t
sx:5:1)
    at <unknown> (htt
ps://nextjs.org/docs/
messages/module-not-f
ound)
